// Jest Snapshot v1, https://goo.gl/fbAQLP

exports[`#SongDisplay renders the matching song based on the route 1`] = `
<DocumentFragment>
  <div
    class="chakra-container container css-t3somj"
  >
    <div
      class="header css-53le5g"
    >
      <p
        class="chakra-text css-0"
      >
        # 1
      </p>
      <p
        class="chakra-text css-0"
      >
        There Was One Who Was Willing
      </p>
      <div
        class="css-0"
      >
        <button
          aria-label="Back to songs index"
          class="chakra-button css-1uztc5k"
          type="button"
        >
          <svg
            aria-hidden="true"
            color="var(--chakra-colors-gray-600)"
            fill="currentColor"
            focusable="false"
            height="1em"
            stroke="currentColor"
            stroke-width="0"
            viewBox="0 0 448 512"
            width="1em"
            xmlns="http://www.w3.org/2000/svg"
          >
            <path
              d="M448 360V24c0-13.3-10.7-24-24-24H96C43 0 0 43 0 96v320c0 53 43 96 96 96h328c13.3 0 24-10.7 24-24v-16c0-7.5-3.5-14.3-8.9-18.7-4.2-15.4-4.2-59.3 0-74.7 5.4-4.3 8.9-11.1 8.9-18.6zM128 134c0-3.3 2.7-6 6-6h212c3.3 0 6 2.7 6 6v20c0 3.3-2.7 6-6 6H134c-3.3 0-6-2.7-6-6v-20zm0 64c0-3.3 2.7-6 6-6h212c3.3 0 6 2.7 6 6v20c0 3.3-2.7 6-6 6H134c-3.3 0-6-2.7-6-6v-20zm253.4 250H96c-17.7 0-32-14.3-32-32 0-17.6 14.4-32 32-32h285.4c-1.9 17.1-1.9 46.9 0 64z"
            />
          </svg>
        </button>
        <button
          aria-label="Add to Favourites"
          class="chakra-button faveIcon css-11itnfl"
          type="button"
        >
          <svg
            aria-hidden="true"
            color="var(--chakra-colors-gray-600)"
            fill="currentColor"
            focusable="false"
            height="1em"
            stroke="currentColor"
            stroke-width="0"
            viewBox="0 0 512 512"
            width="1em"
            xmlns="http://www.w3.org/2000/svg"
          >
            <path
              d="M462.3 62.6C407.5 15.9 326 24.3 275.7 76.2L256 96.5l-19.7-20.3C186.1 24.3 104.5 15.9 49.7 62.6c-62.8 53.6-66.1 149.8-9.9 207.9l193.5 199.8c12.5 12.9 32.8 12.9 45.3 0l193.5-199.8c56.3-58.1 53-154.3-9.8-207.9z"
            />
          </svg>
        </button>
      </div>
    </div>
    <div
      class="body css-0"
    >
      <div
        class="verse css-0"
      >
        <span
          class="label"
        >
          Verse 1
        </span>
        There was one who was willing to die in my stead,
That a soul so unworthy might live,
And the path to the cross He was willing to tread,
All the sins of my life to forgive.
      </div>
      <div
        class="chorus css-0"
      >
        <span
          class="label"
        >
          Chorus
        </span>
        They are nailed to the Cross, they are nailed to the cross,
O how much He was willing to bear!
With what anguish and loss, Jesus went to the cross!
But He carried my sins with Him there.
      </div>
      <div
        class="verse css-0"
      >
        <span
          class="label"
        >
          Verse 2
        </span>
        He is tender and loving and patient with me,
While He cleanses my heart of its dross,
But there's no condemnation, I know I am free,
For my sins are all nailed to the cross.
      </div>
      <div
        class="verse css-0"
      >
        <span
          class="label"
        >
          Verse 3
        </span>
        I will cling to my Saviour and never depart,
I will joyfully journey each day,
With a song on my lips and a song in my heart,
That my sins have been taken away.
      </div>
    </div>
    <p
      class="chakra-text footer css-1etkgh2"
    >
      James Montgomery
    </p>
    <div
      class="css-mm4t09"
    >
      <button
        class="chakra-button css-1skxxy0"
        type="button"
      >
        Next Song 
        <svg
          class="chakra-icon css-11gi69r"
          fill="currentColor"
          focusable="false"
          height="20"
          stroke="currentColor"
          stroke-width="0"
          viewBox="0 0 512 512"
          width="20"
          xmlns="http://www.w3.org/2000/svg"
        >
          <path
            d="M256 8c137 0 248 111 248 248S393 504 256 504 8 393 8 256 119 8 256 8zm-28.9 143.6l75.5 72.4H120c-13.3 0-24 10.7-24 24v16c0 13.3 10.7 24 24 24h182.6l-75.5 72.4c-9.7 9.3-9.9 24.8-.4 34.3l11 10.9c9.4 9.4 24.6 9.4 33.9 0L404.3 273c9.4-9.4 9.4-24.6 0-33.9L271.6 106.3c-9.4-9.4-24.6-9.4-33.9 0l-11 10.9c-9.5 9.6-9.3 25.1.4 34.4z"
          />
        </svg>
      </button>
    </div>
    <button
      class="chakra-button css-4xx2wk"
      type="button"
    >
      Back to Index
    </button>
  </div>
</DocumentFragment>
`;
